ASxxxx Linker V03.00 + NoICE + sdld,  page 1.
Hexadecimal  [32-Bits]

Area                                    Addr        Size        Decimal Bytes (Attributes)
--------------------------------        ----        ----        ------- ----- ------------
CABS                                00000000    00000000 =           0. bytes (ABS,CON,CODE)

      Value  Global                              Global Defined In Module
      -----  --------------------------------   ------------------------
C:   00000000  l_BIT_BANK                      
C:   00000000  l_BSEG                          
C:   00000000  l_BSEG_BYTES                    
C:   00000000  l_CABS                          
C:   00000000  l_GSINIT                        
C:   00000000  l_GSINIT1                       
C:   00000000  l_GSINIT5                       
C:   00000000  l_IABS                          
C:   00000000  l_PSEG                          
C:   00000000  l_REG_BANK_1                    
C:   00000000  l_REG_BANK_2                    
C:   00000000  l_REG_BANK_3                    
C:   00000000  l_RSEG                          
C:   00000000  l_RSEG0                         
C:   00000000  l_RSEG1                         
C:   00000000  l_XABS                          
C:   00000000  l_XINIT                         
C:   00000000  l_XISEG                         
C:   00000000  l_XSEG                          
C:   00000000  l__CODE                         
C:   00000000  s_BSEG                          
C:   00000000  s_CABS                          
C:   00000000  s_DSEG                          
C:   00000000  s_HOME                          
C:   00000000  s_IABS                          
C:   00000000  s_REG_BANK_0                    
C:   00000000  s_RSEG                          
C:   00000000  s_RSEG0                         
C:   00000000  s_RSEG1                         
C:   00000000  s_XABS                          
C:   00000001  s_PSEG                          
C:   00000001  s_XISEG                         
C:   00000001  s_XSEG                          
C:   00000003  l_GSFINAL                       
C:   00000003  l_GSINIT0                       
C:   00000003  l_OSEG                          
C:   00000006  l_HOME                          
C:   00000006  l_ISEG                          
C:   00000006  s_GSINIT0                       
C:   00000008  l_REG_BANK_0                    
C:   00000008  s_REG_BANK_1                    
C:   00000009  s_GSINIT1                       
C:   00000009  s_GSINIT2                       
C:   0000000A  l_GSINIT2                       
C:   00000010  s_REG_BANK_2                    
C:   00000013  s_GSINIT3                       
C:   00000018  s_BIT_BANK                      
C:   00000018  s_REG_BANK_3                    
C:   0000001B  l_CONST                         
C:   00000020  s_BSEG_BYTES                    
ASxxxx Linker V03.00 + NoICE + sdld,  page 2.
Hexadecimal  [32-Bits]

Area                                    Addr        Size        Decimal Bytes (Attributes)
--------------------------------        ----        ----        ------- ----- ------------
CABS                                00000000    00000000 =           0. bytes (ABS,CON,CODE)

      Value  Global                              Global Defined In Module
      -----  --------------------------------   ------------------------
C:   00000020  s__CODE                         
C:   00000022  l_GSINIT3                       
C:   0000002A  l_GSINIT4                       
C:   00000035  s_GSINIT4                       
C:   0000003A  s_OSEG                          
C:   0000003D  s_ISEG                          
C:   00000043  s_SSEG                          
C:   0000005F  s_GSFINAL                       
C:   0000005F  s_GSINIT                        
C:   0000005F  s_GSINIT5                       
C:   00000062  s_CSEG                          
C:   00000080  l_DSEG                          
C:   000000BD  l_SSEG                          
C:   00000100  l_IRAM                          
C:   0000094D  l_CSEG                          
C:   000009AF  s_CONST                         
C:   000009CA  s_XINIT                         

ASxxxx Linker V03.00 + NoICE + sdld,  page 3.
Hexadecimal  [32-Bits]

Area                                    Addr        Size        Decimal Bytes (Attributes)
--------------------------------        ----        ----        ------- ----- ------------
.  .ABS.                            00000000    00000000 =           0. bytes (ABS,CON)

      Value  Global                              Global Defined In Module
      -----  --------------------------------   ------------------------
     00000000  .__.ABS.                           _bp
     00000080  _MOSI                              gpio
     00000080  _P0                                gpio
     00000080  _P00                               gpio
     00000081  _MISO                              gpio
     00000081  _P01                               gpio
     00000081  _SP                                gpio
     00000082  _DPL                               gpio
     00000082  _P02                               gpio
     00000082  _RXD_1                             gpio
     00000083  _DPH                               gpio
     00000083  _P03                               gpio
     00000084  _P04                               gpio
     00000084  _RCTRIM0                           gpio
     00000084  _STADC                             gpio
     00000085  _P05                               gpio
     00000085  _RCTRIM1                           gpio
     00000086  _P06                               gpio
     00000086  _RWK                               gpio
     00000086  _TXD                               gpio
     00000087  _P07                               gpio
     00000087  _PCON                              gpio
     00000087  _RXD                               gpio
     00000088  _IT0                               gpio
     00000088  _TCON                              gpio
     00000089  _IE0                               gpio
     00000089  _TMOD                              gpio
     0000008A  _IT1                               gpio
     0000008A  _TL0                               gpio
     0000008B  _IE1                               gpio
     0000008B  _TL1                               gpio
     0000008C  _TH0                               gpio
     0000008C  _TR0                               gpio
     0000008D  _TF0                               gpio
     0000008D  _TH1                               gpio
     0000008E  _CKCON                             gpio
     0000008E  _TR1                               gpio
     0000008F  _TF1                               gpio
     0000008F  _WKCON                             gpio
     00000090  _P1                                gpio
     00000090  _P10                               gpio
     00000091  _P11                               gpio
     00000091  _SFRS                              gpio
     00000092  _CAPCON0                           gpio
     00000092  _P12                               gpio
     00000093  _CAPCON1                           gpio
     00000093  _P13                               gpio
     00000093  _SCL                               gpio
     00000094  _CAPCON2                           gpio
     00000094  _P14                               gpio
ASxxxx Linker V03.00 + NoICE + sdld,  page 4.
Hexadecimal  [32-Bits]

Area                                    Addr        Size        Decimal Bytes (Attributes)
--------------------------------        ----        ----        ------- ----- ------------
.  .ABS.                            00000000    00000000 =           0. bytes (ABS,CON)

      Value  Global                              Global Defined In Module
      -----  --------------------------------   ------------------------
     00000094  _SDA                               gpio
     00000095  _CKDIV                             gpio
     00000095  _P15                               gpio
     00000096  _CKSWT                             gpio
     00000096  _P16                               gpio
     00000096  _TXD_1                             gpio
     00000097  _CKEN                              gpio
     00000097  _P17                               gpio
     00000098  _RI                                gpio
     00000098  _SCON                              gpio
     00000099  _SBUF                              gpio
     00000099  _TI                                gpio
     0000009A  _RB8                               gpio
     0000009A  _SBUF_1                            gpio
     0000009B  _EIE                               gpio
     0000009B  _TB8                               gpio
     0000009C  _EIE1                              gpio
     0000009C  _REN                               gpio
     0000009D  _SM2                               gpio
     0000009E  _SM1                               gpio
     0000009F  _CHPCON                            gpio
     0000009F  _FE                                gpio
     0000009F  _SM0                               gpio
     000000A0  _P2                                gpio
     000000A0  _P20                               gpio
     000000A0  __XPAGE                            
     000000A2  _AUXR1                             gpio
     000000A3  _BODCON0                           gpio
     000000A4  _IAPTRG                            gpio
     000000A5  _IAPUEN                            gpio
     000000A6  _IAPAL                             gpio
     000000A7  _IAPAH                             gpio
     000000A8  _EX0                               gpio
     000000A8  _IE                                gpio
     000000A9  _ET0                               gpio
     000000A9  _SADDR                             gpio
     000000AA  _EX1                               gpio
     000000AA  _WDCON                             gpio
     000000AB  _BODCON1                           gpio
     000000AB  _ET1                               gpio
     000000AC  _ES                                gpio
     000000AC  _P3M1                              gpio
     000000AC  _P3S                               gpio
     000000AD  _EBOD                              gpio
     000000AD  _P3M2                              gpio
     000000AD  _P3SR                              gpio
     000000AE  _EADC                              gpio
     000000AE  _IAPFD                             gpio
     000000AF  _EA                                gpio
     000000AF  _IAPCN                             gpio
     000000B0  _P3                                gpio
ASxxxx Linker V03.00 + NoICE + sdld,  page 5.
Hexadecimal  [32-Bits]

Area                                    Addr        Size        Decimal Bytes (Attributes)
--------------------------------        ----        ----        ------- ----- ------------
.  .ABS.                            00000000    00000000 =           0. bytes (ABS,CON)

      Value  Global                              Global Defined In Module
      -----  --------------------------------   ------------------------
     000000B0  _P30                               gpio
     000000B1  _P0M1                              gpio
     000000B1  _P0S                               gpio
     000000B2  _P0M2                              gpio
     000000B2  _P0SR                              gpio
     000000B3  _P1M1                              gpio
     000000B3  _P1S                               gpio
     000000B4  _P1M2                              gpio
     000000B4  _P1SR                              gpio
     000000B5  _P2S                               gpio
     000000B7  _IPH                               gpio
     000000B7  _PWMINTC                           gpio
     000000B8  _IP                                gpio
     000000B8  _PX0                               gpio
     000000B9  _PT0                               gpio
     000000B9  _SADEN                             gpio
     000000BA  _PX1                               gpio
     000000BA  _SADEN_1                           gpio
     000000BB  _PT1                               gpio
     000000BB  _SADDR_1                           gpio
     000000BC  _I2DAT                             gpio
     000000BC  _PS                                gpio
     000000BD  _I2STAT                            gpio
     000000BD  _PBOD                              gpio
     000000BE  _I2CLK                             gpio
     000000BE  _PADC                              gpio
     000000BF  _I2TOC                             gpio
     000000C0  _I2CON                             gpio
     000000C0  _I2CPX                             gpio
     000000C1  _I2ADDR                            gpio
     000000C2  _AA                                gpio
     000000C2  _ADCRL                             gpio
     000000C3  _ADCRH                             gpio
     000000C3  _SI                                gpio
     000000C4  _PWM4H                             gpio
     000000C4  _STO                               gpio
     000000C4  _T3CON                             gpio
     000000C5  _PWM5H                             gpio
     000000C5  _RL3                               gpio
     000000C5  _STA                               gpio
     000000C6  _I2CEN                             gpio
     000000C6  _PIOCON1                           gpio
     000000C6  _RH3                               gpio
     000000C7  _TA                                gpio
     000000C8  _CM_RL2                            gpio
     000000C8  _T2CON                             gpio
     000000C9  _T2MOD                             gpio
     000000CA  _RCMP2L                            gpio
     000000CA  _TR2                               gpio
     000000CB  _RCMP2H                            gpio
     000000CC  _PWM4L                             gpio
ASxxxx Linker V03.00 + NoICE + sdld,  page 6.
Hexadecimal  [32-Bits]

Area                                    Addr        Size        Decimal Bytes (Attributes)
--------------------------------        ----        ----        ------- ----- ------------
.  .ABS.                            00000000    00000000 =           0. bytes (ABS,CON)

      Value  Global                              Global Defined In Module
      -----  --------------------------------   ------------------------
     000000CC  _TL2                               gpio
     000000CD  _PWM5L                             gpio
     000000CD  _TH2                               gpio
     000000CE  _ADCMPL                            gpio
     000000CF  _ADCMPH                            gpio
     000000CF  _TF2                               gpio
     000000D0  _P                                 gpio
     000000D0  _PSW                               gpio
     000000D1  _PWMPH                             gpio
     000000D2  _OV                                gpio
     000000D2  _PWM0H                             gpio
     000000D3  _PWM1H                             gpio
     000000D3  _RS0                               gpio
     000000D4  _PWM2H                             gpio
     000000D4  _RS1                               gpio
     000000D5  _F0                                gpio
     000000D5  _PWM3H                             gpio
     000000D6  _AC                                gpio
     000000D6  _PNP                               gpio
     000000D7  _CY                                gpio
     000000D7  _FBD                               gpio
     000000D8  _PWMCON0                           gpio
     000000D9  _PWMPL                             gpio
     000000DA  _PWM0L                             gpio
     000000DB  _PWM1L                             gpio
     000000DC  _CLRPWM                            gpio
     000000DC  _PWM2L                             gpio
     000000DD  _PWM3L                             gpio
     000000DD  _PWMF                              gpio
     000000DE  _LOAD                              gpio
     000000DE  _PIOCON0                           gpio
     000000DF  _PWMCON1                           gpio
     000000DF  _PWMRUN                            gpio
     000000E0  _ACC                               gpio
     000000E1  _ADCCON1                           gpio
     000000E2  _ADCCON2                           gpio
     000000E3  _ADCDLY                            gpio
     000000E4  _C0L                               gpio
     000000E5  _C0H                               gpio
     000000E6  _C1L                               gpio
     000000E7  _C1H                               gpio
     000000E8  _ADCCON0                           gpio
     000000E8  _ADCHS0                            gpio
     000000E9  _ADCHS1                            gpio
     000000E9  _PICON                             gpio
     000000EA  _ADCHS2                            gpio
     000000EA  _PINEN                             gpio
     000000EB  _ADCHS3                            gpio
     000000EB  _PIPEN                             gpio
     000000EC  _ETGSEL0                           gpio
     000000EC  _PIF                               gpio
ASxxxx Linker V03.00 + NoICE + sdld,  page 7.
Hexadecimal  [32-Bits]

Area                                    Addr        Size        Decimal Bytes (Attributes)
--------------------------------        ----        ----        ------- ----- ------------
.  .ABS.                            00000000    00000000 =           0. bytes (ABS,CON)

      Value  Global                              Global Defined In Module
      -----  --------------------------------   ------------------------
     000000ED  _C2L                               gpio
     000000ED  _ETGSEL1                           gpio
     000000EE  _ADCS                              gpio
     000000EE  _C2H                               gpio
     000000EF  _ADCF                              gpio
     000000EF  _EIP                               gpio
     000000F0  _B                                 gpio
     000000F1  _CAPCON3                           gpio
     000000F2  _CAPCON4                           gpio
     000000F3  _SPCR                              gpio
     000000F3  _SPCR2                             gpio
     000000F4  _SPSR                              gpio
     000000F5  _B_5                               _gptrget
     000000F5  _SPDR                              gpio
     000000F6  _AINDIDS                           gpio
     000000F6  _B_6                               _gptrget
     000000F7  _B_7                               _gptrget
     000000F7  _EIPH                              gpio
     000000F8  _RI_1                              gpio
     000000F8  _SCON_1                            gpio
     000000F9  _PDTEN                             gpio
     000000F9  _TI_1                              gpio
     000000FA  _PDTCNT                            gpio
     000000FA  _RB8_1                             gpio
     000000FB  _PMEN                              gpio
     000000FB  _TB8_1                             gpio
     000000FC  _PMD                               gpio
     000000FC  _REN_1                             gpio
     000000FD  _SM2_1                             gpio
     000000FE  _EIP1                              gpio
     000000FE  _SM1_1                             gpio
     000000FF  _EIPH1                             gpio
     000000FF  _FE_1                              gpio
     000000FF  _SM0_1                             gpio
ASxxxx Linker V03.00 + NoICE + sdld,  page 8.
Hexadecimal  [32-Bits]

Area                                    Addr        Size        Decimal Bytes (Attributes)
--------------------------------        ----        ----        ------- ----- ------------
REG_BANK_0                          00000000    00000008 =           8. bytes (REL,OVR)

      Value  Global                              Global Defined In Module
      -----  --------------------------------   ------------------------
ASxxxx Linker V03.00 + NoICE + sdld,  page 9.
Hexadecimal  [32-Bits]

Area                                    Addr        Size        Decimal Bytes (Attributes)
--------------------------------        ----        ----        ------- ----- ------------
DSEG                                00000000    00000080 =         128. bytes (REL,CON)

      Value  Global                              Global Defined In Module
      -----  --------------------------------   ------------------------
     0000000A  _vprintf_PARM_2                    vprintf
     00000018  __print_format_PARM_2              printf_large
     0000001B  __print_format_PARM_3              printf_large
     0000001E  __print_format_PARM_4              printf_large
     00000039  _bp                                _bp

ASxxxx Linker V03.00 + NoICE + sdld,  page 10.
Hexadecimal  [32-Bits]

Area                                    Addr        Size        Decimal Bytes (Attributes)
--------------------------------        ----        ----        ------- ----- ------------
OSEG                                0000003A    00000003 =           3. bytes (REL,OVR)

      Value  Global                              Global Defined In Module
      -----  --------------------------------   ------------------------
     0000003A  __mulint_PARM_2                    _mulint

ASxxxx Linker V03.00 + NoICE + sdld,  page 11.
Hexadecimal  [32-Bits]

Area                                    Addr        Size        Decimal Bytes (Attributes)
--------------------------------        ----        ----        ------- ----- ------------
ISEG                                0000003D    00000006 =           6. bytes (REL,CON)

      Value  Global                              Global Defined In Module
      -----  --------------------------------   ------------------------
ASxxxx Linker V03.00 + NoICE + sdld,  page 12.
Hexadecimal  [32-Bits]

Area                                    Addr        Size        Decimal Bytes (Attributes)
--------------------------------        ----        ----        ------- ----- ------------
SSEG                                00000043    000000BD =         189. bytes (REL,OVR)

      Value  Global                              Global Defined In Module
      -----  --------------------------------   ------------------------
     00000043  __start__stack                     main

ASxxxx Linker V03.00 + NoICE + sdld,  page 13.
Hexadecimal  [32-Bits]

Area                                    Addr        Size        Decimal Bytes (Attributes)
--------------------------------        ----        ----        ------- ----- ------------
HOME                                00000000    00000006 =           6. bytes (REL,CON,CODE)

      Value  Global                              Global Defined In Module
      -----  --------------------------------   ------------------------
C:   00000003  __sdcc_program_startup             main

ASxxxx Linker V03.00 + NoICE + sdld,  page 14.
Hexadecimal  [32-Bits]

Area                                    Addr        Size        Decimal Bytes (Attributes)
--------------------------------        ----        ----        ------- ----- ------------
GSINIT0                             00000006    00000003 =           3. bytes (REL,CON,CODE)

      Value  Global                              Global Defined In Module
      -----  --------------------------------   ------------------------
C:   00000006  __sdcc_gsinit_startup              

ASxxxx Linker V03.00 + NoICE + sdld,  page 15.
Hexadecimal  [32-Bits]

Area                                    Addr        Size        Decimal Bytes (Attributes)
--------------------------------        ----        ----        ------- ----- ------------
GSINIT2                             00000009    0000000A =          10. bytes (REL,CON,CODE)

      Value  Global                              Global Defined In Module
      -----  --------------------------------   ------------------------
ASxxxx Linker V03.00 + NoICE + sdld,  page 16.
Hexadecimal  [32-Bits]

Area                                    Addr        Size        Decimal Bytes (Attributes)
--------------------------------        ----        ----        ------- ----- ------------
GSINIT3                             00000013    00000022 =          34. bytes (REL,CON,CODE)

      Value  Global                              Global Defined In Module
      -----  --------------------------------   ------------------------
C:   00000013  __mcs51_genXINIT                   

ASxxxx Linker V03.00 + NoICE + sdld,  page 17.
Hexadecimal  [32-Bits]

Area                                    Addr        Size        Decimal Bytes (Attributes)
--------------------------------        ----        ----        ------- ----- ------------
GSINIT4                             00000035    0000002A =          42. bytes (REL,CON,CODE)

      Value  Global                              Global Defined In Module
      -----  --------------------------------   ------------------------
C:   00000035  __mcs51_genRAMCLEAR                
C:   0000003B  __mcs51_genXRAMCLEAR               

ASxxxx Linker V03.00 + NoICE + sdld,  page 18.
Hexadecimal  [32-Bits]

Area                                    Addr        Size        Decimal Bytes (Attributes)
--------------------------------        ----        ----        ------- ----- ------------
GSFINAL                             0000005F    00000003 =           3. bytes (REL,CON,CODE)

      Value  Global                              Global Defined In Module
      -----  --------------------------------   ------------------------
ASxxxx Linker V03.00 + NoICE + sdld,  page 19.
Hexadecimal  [32-Bits]

Area                                    Addr        Size        Decimal Bytes (Attributes)
--------------------------------        ----        ----        ------- ----- ------------
CSEG                                00000062    0000094D =        2381. bytes (REL,CON,CODE)

      Value  Global                              Global Defined In Module
      -----  --------------------------------   ------------------------
C:   00000062  _select_program                    main
C:   000000B6  _check_request                     main
C:   000000DD  _main                              main
C:   0000010F  _DelayInit                         myDelay
C:   0000011B  _DelayMs                           myDelay
C:   00000136  _UART0_Init                        uart0
C:   00000168  _UART0_SendData                    uart0
C:   0000017B  _UART0_SendString                  uart0
C:   000001A6  _UART0_GetData                     uart0
C:   000001AA  _UART0_EnableInterrupt             uart0
C:   000001AD  _UART0_DisableInterrupt            uart0
C:   000001B0  _UART0_ClearFlag                   uart0
C:   000001B6  _UART0_GetFlag                     uart0
C:   000001C4  _putchar                           uart0
C:   000001DA  _GPIO_Init                         gpio
C:   00000232  _vprintf                           vprintf
C:   0000024B  _printf                            vprintf
C:   0000030C  __print_format                     printf_large
C:   0000095A  _strlen                            _strlen
C:   00000972  __mulint                           _mulint
C:   00000972  __mulint_dummy                     _mulint
C:   0000098F  __gptrget                          _gptrget
C:   000009AB  __sdcc_external_startup            _startup

ASxxxx Linker V03.00 + NoICE + sdld,  page 20.
Hexadecimal  [32-Bits]

Area                                    Addr        Size        Decimal Bytes (Attributes)
--------------------------------        ----        ----        ------- ----- ------------
CONST                               000009AF    0000001B =          27. bytes (REL,CON,CODE)

      Value  Global                              Global Defined In Module
      -----  --------------------------------   ------------------------
ASxxxx Linker V03.00 + NoICE + sdld,  page 21.

Files Linked                              [ module(s) ]

obj/main.rel                              [  ]
obj/myDelay.rel                           [  ]
obj/uart0.rel                             [  ]
obj/gpio.rel                              [  ]


Libraries Linked                          [ object file ]

C:\Program Files\SDCC\bin\..\lib\small/mcs51.lib
                                          [ crtclear.rel ]
C:\Program Files\SDCC\bin\..\lib\small/mcs51.lib
                                          [ crtxinit.rel ]
C:\Program Files\SDCC\bin\..\lib\small/mcs51.lib
                                          [ crtxclear.rel ]
C:\Program Files\SDCC\bin\..\lib\small/libsdcc.lib
                                          [ vprintf.rel ]
C:\Program Files\SDCC\bin\..\lib\small/libsdcc.lib
                                          [ printf_large.rel ]
C:\Program Files\SDCC\bin\..\lib\small/mcs51.lib
                                          [ crtpagesfr.rel ]
C:\Program Files\SDCC\bin\..\lib\small/libsdcc.lib
                                          [ _strlen.rel ]
C:\Program Files\SDCC\bin\..\lib\small/libint.lib
                                          [ _mulint.rel ]
C:\Program Files\SDCC\bin\..\lib\small/mcs51.lib
                                          [ crtstart.rel ]
C:\Program Files\SDCC\bin\..\lib\small/libsdcc.lib
                                          [ _gptrget.rel ]
C:\Program Files\SDCC\bin\..\lib\small/libsdcc.lib
                                          [ _startup.rel ]
C:\Program Files\SDCC\bin\..\lib\small/libsdcc.lib
                                          [ _bp.rel ]

ASxxxx Linker V03.00 + NoICE + sdld,  page 22.

User Base Address Definitions

HOME = 0x0000
XSEG = 0x0001
PSEG = 0x0001
ISEG = 0x0000
BSEG = 0x0000

